[INFO] Scanning for projects...
[INFO] ------------------------------------------------------------------------
[INFO] Reactor Build Order:
[INFO] 
[INFO] yudao                                                              [pom]
[INFO] yudao-framework                                                    [pom]
[INFO] yudao-common                                                       [jar]
[INFO] yudao-spring-boot-starter-web                                      [jar]
[INFO] yudao-spring-boot-starter-security                                 [jar]
[INFO] yudao-spring-boot-starter-mybatis                                  [jar]
[INFO] yudao-spring-boot-starter-redis                                    [jar]
[INFO] yudao-spring-boot-starter-mq                                       [jar]
[INFO] yudao-spring-boot-starter-job                                      [jar]
[INFO] yudao-spring-boot-starter-test                                     [jar]
[INFO] yudao-spring-boot-starter-biz-tenant                               [jar]
[INFO] yudao-spring-boot-starter-websocket                                [jar]
[INFO] yudao-spring-boot-starter-monitor                                  [jar]
[INFO] yudao-spring-boot-starter-protection                               [jar]
[INFO] yudao-spring-boot-starter-biz-ip                                   [jar]
[INFO] yudao-spring-boot-starter-excel                                    [jar]
[INFO] yudao-spring-boot-starter-biz-data-permission                      [jar]
[INFO] yudao-module-infra                                                 [jar]
[INFO] yudao-module-system                                                [jar]
[INFO] yudao-module-report                                                [jar]
[INFO] yudao-module-bpm                                                   [jar]
[INFO] yudao-module-erp                                                   [jar]
[INFO] yudao-server                                                       [jar]
Downloading from central: https://repo.maven.apache.org/maven2/org/apache/maven/plugins/maven-metadata.xml
Downloading from central: https://repo.maven.apache.org/maven2/org/codehaus/mojo/maven-metadata.xml
Progress (1): 3.8 kBProgress (2): 3.8 kB | 3.1 kBProgress (2): 9.3 kB | 3.1 kBProgress (2): 9.3 kB | 7.7 kBProgress (2): 14 kB | 7.7 kB Progress (2): 14 kB | 12 kB Progress (2): 14 kB | 17 kBProgress (2): 14 kB | 20 kBProgress (2): 14 kB | 21 kB                           Downloaded from central: https://repo.maven.apache.org/maven2/org/apache/maven/plugins/maven-metadata.xml (14 kB at 15 kB/s)
Downloaded from central: https://repo.maven.apache.org/maven2/org/codehaus/mojo/maven-metadata.xml (21 kB at 17 kB/s)
[INFO] ------------------------------------------------------------------------
[INFO] Reactor Summary for yudao 2026.01-jdk8-SNAPSHOT:
[INFO] 
[INFO] yudao .............................................. SKIPPED
[INFO] yudao-framework .................................... SKIPPED
[INFO] yudao-common ....................................... SKIPPED
[INFO] yudao-spring-boot-starter-web ...................... SKIPPED
[INFO] yudao-spring-boot-starter-security ................. SKIPPED
[INFO] yudao-spring-boot-starter-mybatis .................. SKIPPED
[INFO] yudao-spring-boot-starter-redis .................... SKIPPED
[INFO] yudao-spring-boot-starter-mq ....................... SKIPPED
[INFO] yudao-spring-boot-starter-job ...................... SKIPPED
[INFO] yudao-spring-boot-starter-test ..................... SKIPPED
[INFO] yudao-spring-boot-starter-biz-tenant ............... SKIPPED
[INFO] yudao-spring-boot-starter-websocket ................ SKIPPED
[INFO] yudao-spring-boot-starter-monitor .................. SKIPPED
[INFO] yudao-spring-boot-starter-protection ............... SKIPPED
[INFO] yudao-spring-boot-starter-biz-ip ................... SKIPPED
[INFO] yudao-spring-boot-starter-excel .................... SKIPPED
[INFO] yudao-spring-boot-starter-biz-data-permission ...... SKIPPED
[INFO] yudao-module-infra ................................. SKIPPED
[INFO] yudao-module-system ................................ SKIPPED
[INFO] yudao-module-report ................................ SKIPPED
[INFO] yudao-module-bpm ................................... SKIPPED
[INFO] yudao-module-erp ................................... SKIPPED
[INFO] yudao-server ....................................... SKIPPED
[INFO] ------------------------------------------------------------------------
[INFO] BUILD FAILURE
[INFO] ------------------------------------------------------------------------
[INFO] Total time:  2.318 s
[INFO] Finished at: 2026-04-29T18:27:53+08:00
[INFO] ------------------------------------------------------------------------
[ERROR] No plugin found for prefix 'spring-boot' in the current project and in the plugin groups [org.apache.maven.plugins, org.codehaus.mojo] available from the repositories [local (D:\ruoyi-vue-pro\tmp\m2repo), central (https://repo.maven.apache.org/maven2)] -> [Help 1]
[ERROR] 
[ERROR] To see the full stack trace of the errors, re-run Maven with the -e switch.
[ERROR] Re-run Maven using the -X switch to enable full debug logging.
[ERROR] 
[ERROR] For more information about the errors and possible solutions, please read the following articles:
[ERROR] [Help 1] http://cwiki.apache.org/confluence/display/MAVEN/NoPluginFoundForPrefixException
